| fixture.rb:5:3:5:27 | call to parse | JSON parse called without `parse_limits: { max_depth:, max_array_size:, max_json_size_bytes: }`; a deeply nested or oversized payload can exhaust worker memory (DoS). Add the parse_limits: keyword with all three bounds. |
| fixture.rb:10:3:10:26 | call to parse | JSON parse called without `parse_limits: { max_depth:, max_array_size:, max_json_size_bytes: }`; a deeply nested or oversized payload can exhaust worker memory (DoS). Add the parse_limits: keyword with all three bounds. |
| fixture.rb:15:3:15:31 | call to safe_parse | JSON parse called without `parse_limits: { max_depth:, max_array_size:, max_json_size_bytes: }`; a deeply nested or oversized payload can exhaust worker memory (DoS). Add the parse_limits: keyword with all three bounds. |
