| fixture.rb:4:16:4:35 | /https?://[^\\s>]+/ | This regexp contains an unbounded '+'-quantified character class that can cause catastrophic backtracking (ReDoS); replace with a bounded quantifier such as {1,N}. |
| fixture.rb:7:12:7:38 | /([a-z0-9]+)*@example\\.com/ | This regexp contains an unbounded '*'-quantified group that can cause catastrophic backtracking (ReDoS); replace with a bounded quantifier such as {1,N}. |
| fixture.rb:7:12:7:38 | /([a-z0-9]+)*@example\\.com/ | This regexp contains an unbounded '+'-quantified character class that can cause catastrophic backtracking (ReDoS); replace with a bounded quantifier such as {1,N}. |
