| fixture.rb:4:5:6:81 | call to keyset_paginate | Keyset/paginate call passes `per_page:` directly from user params without a maximum cap; use `[params[:per_page].to_i, MAX_PER_PAGE].min` to prevent resource exhaustion. |
| fixture.rb:13:5:13:56 | call to keyset_paginate | Keyset/paginate call passes `per_page:` directly from user params without a maximum cap; use `[params[:per_page].to_i, MAX_PER_PAGE].min` to prevent resource exhaustion. |
| fixture.rb:20:14:20:85 | call to paginate | Keyset/paginate call passes `per_page:` directly from user params without a maximum cap; use `[params[:per_page].to_i, MAX_PER_PAGE].min` to prevent resource exhaustion. |
