| html_escape_wrong_method.rb:16:5:16:27 | call to html_escape | Unqualified `html_escape` call may not resolve to ERB::Util in all module scopes and is unsafe when combined with `%` format substitution; use `ERB::Util.html_escape` (XSS, CWE-79). |
| html_escape_wrong_method.rb:21:5:21:44 | call to html_escape | Unqualified `html_escape` call may not resolve to ERB::Util in all module scopes and is unsafe when combined with `%` format substitution; use `ERB::Util.html_escape` (XSS, CWE-79). |
| html_escape_wrong_method.rb:26:5:26:32 | call to html_escape_once | Unqualified `html_escape_once` call may not resolve to ERB::Util in all module scopes and is unsafe when combined with `%` format substitution; use `ERB::Util.html_escape_once` (XSS, CWE-79). |
