| fixture.rb:6:20:6:32 | ...[...] | Raw params[:key] access without strong parameters; use params.permit(:key) or a dedicated permitted-params method to filter unexpected keys. |
| fixture.rb:10:50:10:60 | ...[...] | Raw params[:key] access without strong parameters; use params.permit(:key) or a dedicated permitted-params method to filter unexpected keys. |
| fixture.rb:15:23:15:33 | ...[...] | Raw params[:key] access without strong parameters; use params.permit(:key) or a dedicated permitted-params method to filter unexpected keys. |
