| fixture.rb:13:5:13:95 | call to format | ContentDisposition.format called with disposition:'inline' and a non-nil filename; if the filename ends with .xhtml, Safari/iOS will sniff the content as XHTML and may execute scripts. Strip the .xhtml extension (or pass filename: nil) before serving inline content. |
| fixture.rb:19:5:19:69 | call to format | ContentDisposition.format called with disposition:'inline' and a non-nil filename; if the filename ends with .xhtml, Safari/iOS will sniff the content as XHTML and may execute scripts. Strip the .xhtml extension (or pass filename: nil) before serving inline content. |
