| fixture.rb:6:5:6:38 | call to parse | Unsafe JSON.parse call: use Gitlab::Json.safe_parse to enforce size/depth limits and prevent DoS on untrusted input. |
| fixture.rb:13:5:13:31 | call to parse | Unsafe JSON.parse call: use Gitlab::Json.safe_parse to enforce size/depth limits and prevent DoS on untrusted input. |
| fixture.rb:21:14:21:38 | call to parse | Unsafe JSON.parse call: use Gitlab::Json.safe_parse to enforce size/depth limits and prevent DoS on untrusted input. |
