edges
| lib/archiver.rb:7:21:7:24 | name | lib/archiver.rb:8:24:8:27 | name | provenance |  |
| lib/archiver.rb:14:21:14:24 | path | lib/archiver.rb:15:23:15:29 | #{...} | provenance |  |
nodes
| lib/archiver.rb:7:21:7:24 | name | semmle.label | name |
| lib/archiver.rb:8:24:8:27 | name | semmle.label | name |
| lib/archiver.rb:14:21:14:24 | path | semmle.label | path |
| lib/archiver.rb:15:23:15:29 | #{...} | semmle.label | #{...} |
subpaths
#select
| lib/archiver.rb:8:11:8:43 | ... + ... | lib/archiver.rb:7:21:7:24 | name | lib/archiver.rb:8:24:8:27 | name | This string concatenation which depends on $@ is later used in a $@. | lib/archiver.rb:7:21:7:24 | name | library input | lib/archiver.rb:9:5:9:15 | call to system | shell command |
| lib/archiver.rb:15:12:15:30 | "sha256sum #{...}" | lib/archiver.rb:14:21:14:24 | path | lib/archiver.rb:15:23:15:29 | #{...} | This string construction which depends on $@ is later used in a $@. | lib/archiver.rb:14:21:14:24 | path | library input | lib/archiver.rb:15:5:15:31 | call to system | shell command |
