| fixture.rb:22:3:22:44 | call to enable | Rule enables `admin_all_resources` in a policy class with no `from_ci_job_token?` guard in any condition block; a CI job-token caller whose user is an admin inherits this privileged ability. Add `next false if @user&.from_ci_job_token?` to the relevant condition block. |
| fixture.rb:23:3:23:37 | call to enable | Rule enables `manage_users` in a policy class with no `from_ci_job_token?` guard in any condition block; a CI job-token caller whose user is an admin inherits this privileged ability. Add `next false if @user&.from_ci_job_token?` to the relevant condition block. |
