| fixture.rb:8:20:8:68 | call to format | User content is embedded into an LLM prompt via `format(...)` with a `<comment>` wrapper without a prior `Sanitize.fragment` call; an attacker can inject prompt-control directives. Sanitize the content with `Sanitize.fragment(content, Sanitize::Config::RELAXED)` first. |
| fixture.rb:14:3:14:51 | call to format | User content is embedded into an LLM prompt via `format(...)` with a `<comment>` wrapper without a prior `Sanitize.fragment` call; an attacker can inject prompt-control directives. Sanitize the content with `Sanitize.fragment(content, Sanitize::Config::RELAXED)` first. |
