edges
| tests/CleartextLogging/cleartext_log.rb:10:50:10:57 | password | tests/CleartextLogging/cleartext_log.rb:10:18:10:59 | "authenticating with password=..." | provenance | AdditionalTaintStep |
nodes
| tests/CleartextLogging/cleartext_log.rb:10:18:10:59 | "authenticating with password=..." | semmle.label | "authenticating with password=..." |
| tests/CleartextLogging/cleartext_log.rb:10:50:10:57 | password | semmle.label | password |
subpaths
#select
| tests/CleartextLogging/cleartext_log.rb:10:18:10:59 | "authenticating with password=..." | tests/CleartextLogging/cleartext_log.rb:10:50:10:57 | password | tests/CleartextLogging/cleartext_log.rb:10:18:10:59 | "authenticating with password=..." | This logs sensitive data returned by $@ as clear text. | tests/CleartextLogging/cleartext_log.rb:10:50:10:57 | password | a parameter password |
