edges
| tests/WeakSensitiveDataHashing/weak_hash.rb:6:22:6:29 | password | tests/WeakSensitiveDataHashing/weak_hash.rb:7:36:7:43 | password | provenance |  |
nodes
| tests/WeakSensitiveDataHashing/weak_hash.rb:6:22:6:29 | password | semmle.label | password |
| tests/WeakSensitiveDataHashing/weak_hash.rb:7:36:7:43 | password | semmle.label | password |
subpaths
#select
| tests/WeakSensitiveDataHashing/weak_hash.rb:7:36:7:43 | password | tests/WeakSensitiveDataHashing/weak_hash.rb:6:22:6:29 | password | tests/WeakSensitiveDataHashing/weak_hash.rb:7:36:7:43 | password | $@ is used in a hashing algorithm (MD5) that is insecure for password hashing, since it is not a computationally expensive hash function. | tests/WeakSensitiveDataHashing/weak_hash.rb:6:22:6:29 | password | Sensitive data (password) |
