edges
| tests/RandomCryptoKey/RandomCryptoKey.rb:5:1:5:5 | nonce | tests/RandomCryptoKey/RandomCryptoKey.rb:9:20:9:24 | nonce | provenance |  |
| tests/RandomCryptoKey/RandomCryptoKey.rb:5:9:5:22 | call to rand | tests/RandomCryptoKey/RandomCryptoKey.rb:5:1:5:5 | nonce | provenance |  |
| tests/RandomCryptoKey/RandomCryptoKey.rb:9:20:9:24 | nonce | tests/RandomCryptoKey/RandomCryptoKey.rb:9:20:9:29 | call to to_s | provenance |  |
nodes
| tests/InsecureRandomness/InsecureRandomness.rb:5:54:5:61 | call to rand | semmle.label | call to rand |
| tests/RandomCryptoKey/RandomCryptoKey.rb:5:1:5:5 | nonce | semmle.label | nonce |
| tests/RandomCryptoKey/RandomCryptoKey.rb:5:9:5:22 | call to rand | semmle.label | call to rand |
| tests/RandomCryptoKey/RandomCryptoKey.rb:9:20:9:24 | nonce | semmle.label | nonce |
| tests/RandomCryptoKey/RandomCryptoKey.rb:9:20:9:29 | call to to_s | semmle.label | call to to_s |
| tests/RandomTokenIndexing/RandomTokenIndexing.rb:4:54:4:61 | call to rand | semmle.label | call to rand |
subpaths
#select
| tests/RandomCryptoKey/RandomCryptoKey.rb:9:20:9:29 | call to to_s | tests/RandomCryptoKey/RandomCryptoKey.rb:5:9:5:22 | call to rand | tests/RandomCryptoKey/RandomCryptoKey.rb:9:20:9:29 | call to to_s | Insecure random value from $@ is used in a cryptographic operation. | tests/RandomCryptoKey/RandomCryptoKey.rb:5:9:5:22 | call to rand | call to rand |
