| fixture.rb:9:7:9:93 | call to expose | Grape::Entity exposes `:pipeline` behind an `if:` lambda that checks only data presence, not the caller's permission to read this resource. Add `Ability.allowed?(opts[:user], :read_pipeline, obj.project)` to the `if:` lambda to prevent unauthorized disclosure. |
| fixture.rb:12:7:12:97 | call to expose | Grape::Entity exposes `:pipelines` behind an `if:` lambda that checks only data presence, not the caller's permission to read this resource. Add `Ability.allowed?(opts[:user], :read_pipelines, obj.project)` to the `if:` lambda to prevent unauthorized disclosure. |
| fixture.rb:21:7:21:55 | call to expose | Grape::Entity exposes `:trace` behind an `if:` lambda that checks only data presence, not the caller's permission to read this resource. Add `Ability.allowed?(opts[:user], :read_trace, obj.project)` to the `if:` lambda to prevent unauthorized disclosure. |
| fixture.rb:26:7:26:55 | call to expose | Grape::Entity exposes `:token` behind an `if:` lambda that checks only data presence, not the caller's permission to read this resource. Add `Ability.allowed?(opts[:user], :read_token, obj.project)` to the `if:` lambda to prevent unauthorized disclosure. |
