| fixture.rb:7:14:7:53 | call to find_with_user_password | Password-based authentication via `find_with_user_password` is attempted without first checking whether the password is a token (e.g. `return if AgnosticTokenIdentifier.token?(password)`). A leaked or revoked personal-access token may authenticate via LDAP or the database. |
