edges
nodes
| app.rb:11:12:11:22 | call to handle | semmle.label | call to handle |
subpaths
#select
| app.rb:11:12:11:22 | call to handle | app.rb:11:12:11:22 | call to handle | app.rb:11:12:11:22 | call to handle | Stored XSS: a persisted $@ is rendered into HTML without escaping. | app.rb:11:12:11:22 | call to handle | stored value |
